// Jest Snapshot v1, https://goo.gl/fbAQLP

exports[`ApplicationSeasonContainer renders correctly 1`] = `
<Connect(_Container)>
  <_Container
    applicationSeason={
      Object {
        "applicationPeriodEnd": "2019-02-21T10:48:25.293Z",
        "applicationPeriodStart": "2019-02-21T10:48:25.293Z",
        "end": "2019-02-21T10:48:25.293Z",
        "start": "2019-02-21T10:48:25.293Z",
      }
    }
    fetchSeason={[Function]}
  >
    <Presentational
      applicationSeason={
        Object {
          "applicationPeriodEnd": "2019-02-21T10:48:25.293Z",
          "applicationPeriodStart": "2019-02-21T10:48:25.293Z",
          "end": "2019-02-21T10:48:25.293Z",
          "start": "2019-02-21T10:48:25.293Z",
        }
      }
      currentDate={"2019-02-21T10:48:25.324Z"}
    >
      <EtikettBase
        type="info"
        typo="normaltekst"
      >
        <div
          className="etikett etikett--info"
        >
          <TypografiBase
            tag="span"
            type="normaltekst"
          >
            <span
              className="typo-normal"
            >
              Closed for applications - 21/2/2019
            </span>
          </TypografiBase>
        </div>
      </EtikettBase>
    </Presentational>
  </_Container>
</Connect(_Container)>
`;
