// Jest Snapshot v1, https://goo.gl/fbAQLP

exports[`ViewRoom Renders nothing correctly 1`] = `
<Provider
  store={
    Object {
      "clearActions": [Function],
      "dispatch": [Function],
      "getActions": [Function],
      "getState": [Function],
      "replaceReducer": [Function],
      "subscribe": [Function],
    }
  }
>
  <Connect(_Container)
    history={
      Object {
        "push": [Function],
      }
    }
  >
    <_Container
      fetchRooms={[Function]}
      history={
        Object {
          "push": [Function],
        }
      }
      rooms={Array []}
    >
      <Presentational
        onClick={[Function]}
        rooms={Array []}
      >
        <div
          className="main-content"
        >
          <div
            id="create-room-title"
          >
            <Sidetittel>
              <TypografiBase
                type="sidetittel"
              >
                <h1
                  className="typo-sidetittel"
                >
                  Rooms
                </h1>
              </TypografiBase>
            </Sidetittel>
            <KnappBase
              autoDisableVedSpinner={false}
              className={null}
              disabled={false}
              htmlType="submit"
              id="redirect-new-room"
              inaktivKlasseVedDisabled={false}
              mini={false}
              onClick={[Function]}
              spinner={false}
              type="hoved"
            >
              <button
                className="knapp knapp--hoved"
                disabled={false}
                id="redirect-new-room"
                onClick={[Function]}
                type="submit"
              >
                Create new room
              </button>
            </KnappBase>
          </div>
        </div>
      </Presentational>
    </_Container>
  </Connect(_Container)>
</Provider>
`;
