// Jest Snapshot v1, https://goo.gl/fbAQLP

exports[`Admin room functions Renders correctly when room as prop 1`] = `
<ContextProvider
  value={
    Object {
      "store": Object {
        "clearActions": [Function],
        "dispatch": [Function],
        "getActions": [Function],
        "getState": [Function],
        "replaceReducer": [Function],
        "subscribe": [Function],
      },
      "storeState": Object {
        "adminRoom": Object {
          "error": undefined,
          "submitted": undefined,
        },
        "rooms": Object {
          "rooms": Array [],
        },
      },
    }
  }
>
  <Connect(_Container)
    location={
      Object {
        "room": Object {
          "id": 64,
          "info": "wasd",
          "name": "qwerty",
          "seats": Object {
            "count": 0,
            "seats": Array [],
          },
        },
      }
    }
  />
</ContextProvider>
`;

exports[`Admin room functions renders correctly without rooms 1`] = `
<Provider
  store={
    Object {
      "clearActions": [Function],
      "dispatch": [Function],
      "getActions": [Function],
      "getState": [Function],
      "replaceReducer": [Function],
      "subscribe": [Function],
    }
  }
>
  <Connect(_Container)
    location={
      Object {
        "room": undefined,
      }
    }
  >
    <_Container
      createRoom={[Function]}
      deleteRoom={[Function]}
      fetchRoomInfo={[Function]}
      location={
        Object {
          "room": undefined,
        }
      }
      reset={[Function]}
      updateRoom={[Function]}
    >
      <Presentational
        buttonDisabled={true}
        deleteRoom={[Function]}
        fetchRoom={[Function]}
        onClick={[Function]}
        room={
          Object {
            "id": -1,
            "info": "",
            "name": "",
            "seats": Object {
              "count": 0,
              "seats": Array [],
            },
          }
        }
        roomExists={false}
        setName={[Function]}
        setNotes={[Function]}
        showAlert={false}
      >
        <div
          className="main-content"
        >
          <div
            className="title-and-button"
          >
            <Sidetittel>
              <TypografiBase
                type="sidetittel"
              >
                <h1
                  className="typo-sidetittel"
                >
                  Create new room
                </h1>
              </TypografiBase>
            </Sidetittel>
            <CSVButton
              fetchRoomInfo={[Function]}
              room={
                Object {
                  "id": -1,
                  "info": "",
                  "name": "",
                  "seats": Object {
                    "count": 0,
                    "seats": Array [],
                  },
                }
              }
            />
          </div>
          <Input
            bredde="XL"
            id="input-room-name"
            label="Name"
            onChange={[Function]}
            value=""
          >
            <div
              className="skjemaelement"
            >
              <label
                className="skjemaelement__label"
                htmlFor="input-room-name"
              >
                Name
              </label>
              <input
                className="skjemaelement__input input--xl"
                id="input-room-name"
                onChange={[Function]}
                type="text"
                value=""
              />
              <SkjemaelementFeilmelding>
                <div
                  aria-live="assertive"
                  role="alert"
                />
              </SkjemaelementFeilmelding>
            </div>
          </Input>
          <Textarea
            id="input-room-notes"
            label="Notes"
            maxLength={2000}
            onChange={[Function]}
            tellerTekst={[Function]}
            textareaClass=""
            value=""
          >
            <div
              className="skjemaelement textarea__container"
            >
              <label
                className="skjemaelement__label"
                htmlFor="input-room-notes"
              >
                Notes
              </label>
              <div
                className="textarea--medMeta__wrapper"
              >
                <EventThrottler
                  callback={[Function]}
                  delay={100}
                  event="resize"
                >
                  <textarea
                    className="skjemaelement__input textarea--medMeta"
                    id="input-room-notes"
                    onChange={[Function]}
                    style={
                      Object {
                        "height": "30px",
                      }
                    }
                    type="text"
                    value=""
                  />
                </EventThrottler>
                <p
                  className="textarea--medMeta__teller"
                >
                  <span>
                    Du har 
                    2000
                     tegn igjen
                  </span>
                </p>
              </div>
              <SkjemaelementFeilmelding>
                <div
                  aria-live="assertive"
                  role="alert"
                />
              </SkjemaelementFeilmelding>
              <div
                aria-hidden="true"
                className="textareamirror"
              />
            </div>
          </Textarea>
          <div
            id="state-buttons"
          >
            <KnappBase
              autoDisableVedSpinner={false}
              className={null}
              disabled={true}
              htmlType="submit"
              id="create-room-button"
              inaktivKlasseVedDisabled={false}
              mini={false}
              onClick={[Function]}
              spinner={false}
              type="hoved"
            >
              <button
                className="knapp knapp--hoved knapp--disabled"
                disabled={true}
                id="create-room-button"
                onClick={[Function]}
                type="submit"
              >
                Create room
              </button>
            </KnappBase>
          </div>
        </div>
      </Presentational>
    </_Container>
  </Connect(_Container)>
</Provider>
`;
