// Jest Snapshot v1, https://goo.gl/fbAQLP

exports[`application form renders correctly 1`] = `
<Fragment>
  <form
    id="new-application-form"
    onSubmit={[Function]}
  >
    <ApplicationFormPersonal />
    <ApplicationFormPreferences
      partner={false}
      rooms={Array []}
      updateApplicationFormData={[Function]}
    />
    <ApplicationFormComments
      needs={false}
      updateApplicationFormData={[Function]}
    />
    <KnappBase
      autoDisableVedSpinner={true}
      className={null}
      disabled={false}
      htmlType="submit"
      id="submit-application"
      inaktivKlasseVedDisabled={false}
      mini={false}
      spinner={false}
      type="hoved"
    >
      Submit
    </KnappBase>
  </form>
</Fragment>
`;
