// Jest Snapshot v1, https://goo.gl/fbAQLP

exports[`application form renders correctly 1`] = `
<Fragment>
  <form
    id="new-application-form"
    onSubmit={[Function]}
  >
    <p
      style={
        Object {
          "fontStyle": "italic",
        }
      }
    >
      Additional information about your courses at NTNU will be gathered for the purpose of finding your master status.
    </p>
    <ApplicationFormPersonal
      isAdmin={false}
    />
    <ApplicationFormPreferences
      hasPartner={false}
      isAdmin={false}
      rooms={Array []}
      updateApplicationFormData={[Function]}
    />
    <ApplicationFormComments
      hasNeeds={false}
      isAdmin={false}
      updateApplicationFormData={[Function]}
    />
    <KnappBase
      autoDisableVedSpinner={true}
      className={null}
      disabled={false}
      htmlType="submit"
      id="submit-application"
      inaktivKlasseVedDisabled={false}
      mini={false}
      spinner={false}
      type="hoved"
    >
      Submit
    </KnappBase>
  </form>
</Fragment>
`;
