// Jest Snapshot v1, https://goo.gl/fbAQLP

exports[`Presentation SideBar Renders correctly 1`] = `
<div
  id="admin-side-bar"
>
  <nav>
    <Systemtittel>
      Navigation
    </Systemtittel>
    <ul
      id="nav-list"
    >
      <li
        key="0"
      >
        <NavLink
          activeClassName="active"
          aria-current="page"
          exact={true}
          to="/admin/"
        >
          Admin
        </NavLink>
      </li>
      <li
        key="1"
      >
        <NavLink
          activeClassName="active"
          aria-current="page"
          exact={true}
          to="/admin/rooms/"
        >
          Rooms
        </NavLink>
      </li>
      <li
        key="2"
      >
        <NavLink
          activeClassName="active"
          aria-current="page"
          exact={true}
          to="/admin/create-season/"
        >
          Create Season
        </NavLink>
      </li>
      <li
        key="3"
      >
        <NavLink
          activeClassName="active"
          aria-current="page"
          exact={true}
          to="/faq"
        >
          FAQ
        </NavLink>
      </li>
      <li
        key="4"
      >
        <NavLink
          activeClassName="active"
          aria-current="page"
          exact={true}
          to="/rooms"
        >
          Rooms
        </NavLink>
      </li>
      <li
        key="5"
      >
        <NavLink
          activeClassName="active"
          aria-current="page"
          exact={true}
          to="/admin/applications"
        >
          Applications
        </NavLink>
      </li>
    </ul>
  </nav>
</div>
`;
