// Jest Snapshot v1, https://goo.gl/fbAQLP

exports[`Application review presentational Renders correctly 1`] = `
<ApplicationOverview
  applicationInfo={
    Object {
      "applicationStatus": "SUBMITTED",
      "email": "test@test.com",
      "fullname": "Teser Testersen",
      "partner": "None",
      "phone": "91100999",
      "room": "Space Commander",
      "seatRollover": "Yes",
      "status": "Master of masters",
    }
  }
/>
`;
